  Determining projects to restore...
  All projects are up-to-date for restore.
  Pardis.Domain -> D:\Projects\Pardis\Backend\PardisTousAcademy\Pardis.Domain\bin\Debug\net9.0\Pardis.Domain.dll
D:\Projects\Pardis\Backend\PardisTousAcademy\Pardis.Application\Categories\Create\CreateCategoryCommand.cs(16,23): warning CS8618: Non-nullable property 'Title' must contain a non-null value when exiting constructor. Consider adding the 'required' modifier or declaring the property as nullable. [D:\Projects\Pardis\Backend\PardisTousAcademy\Pardis.Application\Pardis.Application.csproj]
D:\Projects\Pardis\Backend\PardisTousAcademy\Pardis.Application\Categories\Create\CreateCategoryCommand.cs(21,23): warning CS8618: Non-nullable property 'Seo' must contain a non-null value when exiting constructor. Consider adding the 'required' modifier or declaring the property as nullable. [D:\Projects\Pardis\Backend\PardisTousAcademy\Pardis.Application\Pardis.Application.csproj]
D:\Projects\Pardis\Backend\PardisTousAcademy\Pardis.Application\_Shared\OperatioResult.cs(48,45): warning CS8625: Cannot convert null literal to non-nullable reference type. [D:\Projects\Pardis\Backend\PardisTousAcademy\Pardis.Application\Pardis.Application.csproj]
D:\Projects\Pardis\Backend\PardisTousAcademy\Pardis.Application\_Shared\OperatioResult.cs(47,23): warning CS8618: Non-nullable property 'Message' must contain a non-null value when exiting constructor. Consider adding the 'required' modifier or declaring the property as nullable. [D:\Projects\Pardis\Backend\PardisTousAcademy\Pardis.Application\Pardis.Application.csproj]
D:\Projects\Pardis\Backend\PardisTousAcademy\Pardis.Application\_Shared\OperatioResult.cs(28,24): warning CS8601: Possible null reference assignment. [D:\Projects\Pardis\Backend\PardisTousAcademy\Pardis.Application\Pardis.Application.csproj]
D:\Projects\Pardis\Backend\PardisTousAcademy\Pardis.Application\_Shared\OperatioResult.cs(37,24): warning CS8601: Possible null reference assignment. [D:\Projects\Pardis\Backend\PardisTousAcademy\Pardis.Application\Pardis.Application.csproj]
D:\Projects\Pardis\Backend\PardisTousAcademy\Pardis.Application\_Shared\OperatioResult.cs(9,45): warning CS8625: Cannot convert null literal to non-nullable reference type. [D:\Projects\Pardis\Backend\PardisTousAcademy\Pardis.Application\Pardis.Application.csproj]
D:\Projects\Pardis\Backend\PardisTousAcademy\Pardis.Application\_Shared\OperatioResult.cs(8,23): warning CS8618: Non-nullable property 'Message' must contain a non-null value when exiting constructor. Consider adding the 'required' modifier or declaring the property as nullable. [D:\Projects\Pardis\Backend\PardisTousAcademy\Pardis.Application\Pardis.Application.csproj]
D:\Projects\Pardis\Backend\PardisTousAcademy\Pardis.Application\_Shared\OperatioResult.cs(11,22): warning CS8618: Non-nullable property 'Data' must contain a non-null value when exiting constructor. Consider adding the 'required' modifier or declaring the property as nullable. [D:\Projects\Pardis\Backend\PardisTousAcademy\Pardis.Application\Pardis.Application.csproj]
D:\Projects\Pardis\Backend\PardisTousAcademy\Pardis.Application\Categories\Update\UpdateCategoryCommand.cs(10,23): warning CS8618: Non-nullable property 'Title' must contain a non-null value when exiting constructor. Consider adding the 'required' modifier or declaring the property as nullable. [D:\Projects\Pardis\Backend\PardisTousAcademy\Pardis.Application\Pardis.Application.csproj]
D:\Projects\Pardis\Backend\PardisTousAcademy\Pardis.Application\Categories\Update\UpdateCategoryCommand.cs(13,23): warning CS8618: Non-nullable property 'Seo' must contain a non-null value when exiting constructor. Consider adding the 'required' modifier or declaring the property as nullable. [D:\Projects\Pardis\Backend\PardisTousAcademy\Pardis.Application\Pardis.Application.csproj]
D:\Projects\Pardis\Backend\PardisTousAcademy\Pardis.Application\Users\UpdateUser\UpdateUserCommand.cs(13,23): warning CS8618: Non-nullable property 'Id' must contain a non-null value when exiting constructor. Consider adding the 'required' modifier or declaring the property as nullable. [D:\Projects\Pardis\Backend\PardisTousAcademy\Pardis.Application\Pardis.Application.csproj]
D:\Projects\Pardis\Backend\PardisTousAcademy\Pardis.Application\Users\UpdateUser\UpdateUserCommand.cs(15,23): warning CS8618: Non-nullable property 'FullName' must contain a non-null value when exiting constructor. Consider adding the 'required' modifier or declaring the property as nullable. [D:\Projects\Pardis\Backend\PardisTousAcademy\Pardis.Application\Pardis.Application.csproj]
D:\Projects\Pardis\Backend\PardisTousAcademy\Pardis.Application\Users\UpdateUser\UpdateUserCommand.cs(16,23): warning CS8618: Non-nullable property 'Mobile' must contain a non-null value when exiting constructor. Consider adding the 'required' modifier or declaring the property as nullable. [D:\Projects\Pardis\Backend\PardisTousAcademy\Pardis.Application\Pardis.Application.csproj]
D:\Projects\Pardis\Backend\PardisTousAcademy\Pardis.Application\Users\UpdateUser\UpdateUserCommand.cs(17,23): warning CS8618: Non-nullable property 'Email' must contain a non-null value when exiting constructor. Consider adding the 'required' modifier or declaring the property as nullable. [D:\Projects\Pardis\Backend\PardisTousAcademy\Pardis.Application\Pardis.Application.csproj]
D:\Projects\Pardis\Backend\PardisTousAcademy\Pardis.Application\Courses\Enroll\EnrollUserCommand.cs(13,23): warning CS8618: Non-nullable property 'UserId' must contain a non-null value when exiting constructor. Consider adding the 'required' modifier or declaring the property as nullable. [D:\Projects\Pardis\Backend\PardisTousAcademy\Pardis.Application\Pardis.Application.csproj]
D:\Projects\Pardis\Backend\PardisTousAcademy\Pardis.Application\Users\DeleteUser\DeleteUserCommand.cs(10,23): warning CS8618: Non-nullable property 'Id' must contain a non-null value when exiting constructor. Consider adding the 'required' modifier or declaring the property as nullable. [D:\Projects\Pardis\Backend\PardisTousAcademy\Pardis.Application\Pardis.Application.csproj]
D:\Projects\Pardis\Backend\PardisTousAcademy\Pardis.Application\Courses\Create\CreateCourseCommandHandler.cs(65,31): warning CS8604: Possible null reference argument for parameter 'instructorId' in 'Course.Course(string title, string slug, string description, long price, string? thumbnail, CourseStatus status, CourseType type, string location, string instructorId, string schedule, bool isStarted, bool isCompleted, string? startFrom, Guid categoryId, SeoMetadata seo)'. [D:\Projects\Pardis\Backend\PardisTousAcademy\Pardis.Application\Pardis.Application.csproj]
D:\Projects\Pardis\Backend\PardisTousAcademy\Pardis.Application\Courses\Update\UpdateCourseCommand.cs(16,32): warning CS8618: Non-nullable property 'Dto' must contain a non-null value when exiting constructor. Consider adding the 'required' modifier or declaring the property as nullable. [D:\Projects\Pardis\Backend\PardisTousAcademy\Pardis.Application\Pardis.Application.csproj]
D:\Projects\Pardis\Backend\PardisTousAcademy\Pardis.Application\Courses\Update\UpdateCourseHandler.cs(77,35): warning CS8601: Possible null reference assignment. [D:\Projects\Pardis\Backend\PardisTousAcademy\Pardis.Application\Pardis.Application.csproj]
D:\Projects\Pardis\Backend\PardisTousAcademy\Pardis.Application\Courses\Update\UpdateCourseHandler.cs(111,55): warning CS8601: Possible null reference assignment. [D:\Projects\Pardis\Backend\PardisTousAcademy\Pardis.Application\Pardis.Application.csproj]
D:\Projects\Pardis\Backend\PardisTousAcademy\Pardis.Application\Dashboard\DashboardStatsCommand.cs(66,28): warning CS8601: Possible null reference assignment. [D:\Projects\Pardis\Backend\PardisTousAcademy\Pardis.Application\Pardis.Application.csproj]
D:\Projects\Pardis\Backend\PardisTousAcademy\Pardis.Application\Shopping\PaymentAttempts\AdminReviewPayment\AdminReviewPaymentHandler.cs(130,83): error CS1963: An expression tree may not contain a dynamic operation [D:\Projects\Pardis\Backend\PardisTousAcademy\Pardis.Application\Pardis.Application.csproj]
D:\Projects\Pardis\Backend\PardisTousAcademy\Pardis.Application\Shopping\PaymentAttempts\AdminReviewPayment\AdminReviewPaymentHandler.cs(130,112): error CS1963: An expression tree may not contain a dynamic operation [D:\Projects\Pardis\Backend\PardisTousAcademy\Pardis.Application\Pardis.Application.csproj]
D:\Projects\Pardis\Backend\PardisTousAcademy\Pardis.Application\Users\CreateUserByAdmin\CreateUserByAdminCommand.cs(10,19): warning CS8618: Non-nullable property 'Email' must contain a non-null value when exiting constructor. Consider adding the 'required' modifier or declaring the property as nullable. [D:\Projects\Pardis\Backend\PardisTousAcademy\Pardis.Application\Pardis.Application.csproj]
D:\Projects\Pardis\Backend\PardisTousAcademy\Pardis.Application\Users\CreateUserByAdmin\CreateUserByAdminCommand.cs(11,19): warning CS8618: Non-nullable property 'Password' must contain a non-null value when exiting constructor. Consider adding the 'required' modifier or declaring the property as nullable. [D:\Projects\Pardis\Backend\PardisTousAcademy\Pardis.Application\Pardis.Application.csproj]
D:\Projects\Pardis\Backend\PardisTousAcademy\Pardis.Application\Users\CreateUserByAdmin\CreateUserByAdminCommand.cs(12,19): warning CS8618: Non-nullable property 'FullName' must contain a non-null value when exiting constructor. Consider adding the 'required' modifier or declaring the property as nullable. [D:\Projects\Pardis\Backend\PardisTousAcademy\Pardis.Application\Pardis.Application.csproj]
D:\Projects\Pardis\Backend\PardisTousAcademy\Pardis.Application\Users\CreateUserByAdmin\CreateUserByAdminCommand.cs(13,19): warning CS8618: Non-nullable property 'Mobile' must contain a non-null value when exiting constructor. Consider adding the 'required' modifier or declaring the property as nullable. [D:\Projects\Pardis\Backend\PardisTousAcademy\Pardis.Application\Pardis.Application.csproj]
D:\Projects\Pardis\Backend\PardisTousAcademy\Pardis.Application\Users\UpdateUserRole\UpdateUserRolesCommand.cs(15,23): warning CS8618: Non-nullable property 'UserId' must contain a non-null value when exiting constructor. Consider adding the 'required' modifier or declaring the property as nullable. [D:\Projects\Pardis\Backend\PardisTousAcademy\Pardis.Application\Pardis.Application.csproj]
D:\Projects\Pardis\Backend\PardisTousAcademy\Pardis.Application\Users\UpdateUserRole\UpdateUserRolesCommand.cs(16,29): warning CS8618: Non-nullable property 'Roles' must contain a non-null value when exiting constructor. Consider adding the 'required' modifier or declaring the property as nullable. [D:\Projects\Pardis\Backend\PardisTousAcademy\Pardis.Application\Pardis.Application.csproj]

Build FAILED.

D:\Projects\Pardis\Backend\PardisTousAcademy\Pardis.Application\Categories\Create\CreateCategoryCommand.cs(16,23): warning CS8618: Non-nullable property 'Title' must contain a non-null value when exiting constructor. Consider adding the 'required' modifier or declaring the property as nullable. [D:\Projects\Pardis\Backend\PardisTousAcademy\Pardis.Application\Pardis.Application.csproj]
D:\Projects\Pardis\Backend\PardisTousAcademy\Pardis.Application\Categories\Create\CreateCategoryCommand.cs(21,23): warning CS8618: Non-nullable property 'Seo' must contain a non-null value when exiting constructor. Consider adding the 'required' modifier or declaring the property as nullable. [D:\Projects\Pardis\Backend\PardisTousAcademy\Pardis.Application\Pardis.Application.csproj]
D:\Projects\Pardis\Backend\PardisTousAcademy\Pardis.Application\_Shared\OperatioResult.cs(48,45): warning CS8625: Cannot convert null literal to non-nullable reference type. [D:\Projects\Pardis\Backend\PardisTousAcademy\Pardis.Application\Pardis.Application.csproj]
D:\Projects\Pardis\Backend\PardisTousAcademy\Pardis.Application\_Shared\OperatioResult.cs(47,23): warning CS8618: Non-nullable property 'Message' must contain a non-null value when exiting constructor. Consider adding the 'required' modifier or declaring the property as nullable. [D:\Projects\Pardis\Backend\PardisTousAcademy\Pardis.Application\Pardis.Application.csproj]
D:\Projects\Pardis\Backend\PardisTousAcademy\Pardis.Application\_Shared\OperatioResult.cs(28,24): warning CS8601: Possible null reference assignment. [D:\Projects\Pardis\Backend\PardisTousAcademy\Pardis.Application\Pardis.Application.csproj]
D:\Projects\Pardis\Backend\PardisTousAcademy\Pardis.Application\_Shared\OperatioResult.cs(37,24): warning CS8601: Possible null reference assignment. [D:\Projects\Pardis\Backend\PardisTousAcademy\Pardis.Application\Pardis.Application.csproj]
D:\Projects\Pardis\Backend\PardisTousAcademy\Pardis.Application\_Shared\OperatioResult.cs(9,45): warning CS8625: Cannot convert null literal to non-nullable reference type. [D:\Projects\Pardis\Backend\PardisTousAcademy\Pardis.Application\Pardis.Application.csproj]
D:\Projects\Pardis\Backend\PardisTousAcademy\Pardis.Application\_Shared\OperatioResult.cs(8,23): warning CS8618: Non-nullable property 'Message' must contain a non-null value when exiting constructor. Consider adding the 'required' modifier or declaring the property as nullable. [D:\Projects\Pardis\Backend\PardisTousAcademy\Pardis.Application\Pardis.Application.csproj]
D:\Projects\Pardis\Backend\PardisTousAcademy\Pardis.Application\_Shared\OperatioResult.cs(11,22): warning CS8618: Non-nullable property 'Data' must contain a non-null value when exiting constructor. Consider adding the 'required' modifier or declaring the property as nullable. [D:\Projects\Pardis\Backend\PardisTousAcademy\Pardis.Application\Pardis.Application.csproj]
D:\Projects\Pardis\Backend\PardisTousAcademy\Pardis.Application\Categories\Update\UpdateCategoryCommand.cs(10,23): warning CS8618: Non-nullable property 'Title' must contain a non-null value when exiting constructor. Consider adding the 'required' modifier or declaring the property as nullable. [D:\Projects\Pardis\Backend\PardisTousAcademy\Pardis.Application\Pardis.Application.csproj]
D:\Projects\Pardis\Backend\PardisTousAcademy\Pardis.Application\Categories\Update\UpdateCategoryCommand.cs(13,23): warning CS8618: Non-nullable property 'Seo' must contain a non-null value when exiting constructor. Consider adding the 'required' modifier or declaring the property as nullable. [D:\Projects\Pardis\Backend\PardisTousAcademy\Pardis.Application\Pardis.Application.csproj]
D:\Projects\Pardis\Backend\PardisTousAcademy\Pardis.Application\Users\UpdateUser\UpdateUserCommand.cs(13,23): warning CS8618: Non-nullable property 'Id' must contain a non-null value when exiting constructor. Consider adding the 'required' modifier or declaring the property as nullable. [D:\Projects\Pardis\Backend\PardisTousAcademy\Pardis.Application\Pardis.Application.csproj]
D:\Projects\Pardis\Backend\PardisTousAcademy\Pardis.Application\Users\UpdateUser\UpdateUserCommand.cs(15,23): warning CS8618: Non-nullable property 'FullName' must contain a non-null value when exiting constructor. Consider adding the 'required' modifier or declaring the property as nullable. [D:\Projects\Pardis\Backend\PardisTousAcademy\Pardis.Application\Pardis.Application.csproj]
D:\Projects\Pardis\Backend\PardisTousAcademy\Pardis.Application\Users\UpdateUser\UpdateUserCommand.cs(16,23): warning CS8618: Non-nullable property 'Mobile' must contain a non-null value when exiting constructor. Consider adding the 'required' modifier or declaring the property as nullable. [D:\Projects\Pardis\Backend\PardisTousAcademy\Pardis.Application\Pardis.Application.csproj]
D:\Projects\Pardis\Backend\PardisTousAcademy\Pardis.Application\Users\UpdateUser\UpdateUserCommand.cs(17,23): warning CS8618: Non-nullable property 'Email' must contain a non-null value when exiting constructor. Consider adding the 'required' modifier or declaring the property as nullable. [D:\Projects\Pardis\Backend\PardisTousAcademy\Pardis.Application\Pardis.Application.csproj]
D:\Projects\Pardis\Backend\PardisTousAcademy\Pardis.Application\Courses\Enroll\EnrollUserCommand.cs(13,23): warning CS8618: Non-nullable property 'UserId' must contain a non-null value when exiting constructor. Consider adding the 'required' modifier or declaring the property as nullable. [D:\Projects\Pardis\Backend\PardisTousAcademy\Pardis.Application\Pardis.Application.csproj]
D:\Projects\Pardis\Backend\PardisTousAcademy\Pardis.Application\Users\DeleteUser\DeleteUserCommand.cs(10,23): warning CS8618: Non-nullable property 'Id' must contain a non-null value when exiting constructor. Consider adding the 'required' modifier or declaring the property as nullable. [D:\Projects\Pardis\Backend\PardisTousAcademy\Pardis.Application\Pardis.Application.csproj]
D:\Projects\Pardis\Backend\PardisTousAcademy\Pardis.Application\Courses\Create\CreateCourseCommandHandler.cs(65,31): warning CS8604: Possible null reference argument for parameter 'instructorId' in 'Course.Course(string title, string slug, string description, long price, string? thumbnail, CourseStatus status, CourseType type, string location, string instructorId, string schedule, bool isStarted, bool isCompleted, string? startFrom, Guid categoryId, SeoMetadata seo)'. [D:\Projects\Pardis\Backend\PardisTousAcademy\Pardis.Application\Pardis.Application.csproj]
D:\Projects\Pardis\Backend\PardisTousAcademy\Pardis.Application\Courses\Update\UpdateCourseCommand.cs(16,32): warning CS8618: Non-nullable property 'Dto' must contain a non-null value when exiting constructor. Consider adding the 'required' modifier or declaring the property as nullable. [D:\Projects\Pardis\Backend\PardisTousAcademy\Pardis.Application\Pardis.Application.csproj]
D:\Projects\Pardis\Backend\PardisTousAcademy\Pardis.Application\Courses\Update\UpdateCourseHandler.cs(77,35): warning CS8601: Possible null reference assignment. [D:\Projects\Pardis\Backend\PardisTousAcademy\Pardis.Application\Pardis.Application.csproj]
D:\Projects\Pardis\Backend\PardisTousAcademy\Pardis.Application\Courses\Update\UpdateCourseHandler.cs(111,55): warning CS8601: Possible null reference assignment. [D:\Projects\Pardis\Backend\PardisTousAcademy\Pardis.Application\Pardis.Application.csproj]
D:\Projects\Pardis\Backend\PardisTousAcademy\Pardis.Application\Dashboard\DashboardStatsCommand.cs(66,28): warning CS8601: Possible null reference assignment. [D:\Projects\Pardis\Backend\PardisTousAcademy\Pardis.Application\Pardis.Application.csproj]
D:\Projects\Pardis\Backend\PardisTousAcademy\Pardis.Application\Users\CreateUserByAdmin\CreateUserByAdminCommand.cs(10,19): warning CS8618: Non-nullable property 'Email' must contain a non-null value when exiting constructor. Consider adding the 'required' modifier or declaring the property as nullable. [D:\Projects\Pardis\Backend\PardisTousAcademy\Pardis.Application\Pardis.Application.csproj]
D:\Projects\Pardis\Backend\PardisTousAcademy\Pardis.Application\Users\CreateUserByAdmin\CreateUserByAdminCommand.cs(11,19): warning CS8618: Non-nullable property 'Password' must contain a non-null value when exiting constructor. Consider adding the 'required' modifier or declaring the property as nullable. [D:\Projects\Pardis\Backend\PardisTousAcademy\Pardis.Application\Pardis.Application.csproj]
D:\Projects\Pardis\Backend\PardisTousAcademy\Pardis.Application\Users\CreateUserByAdmin\CreateUserByAdminCommand.cs(12,19): warning CS8618: Non-nullable property 'FullName' must contain a non-null value when exiting constructor. Consider adding the 'required' modifier or declaring the property as nullable. [D:\Projects\Pardis\Backend\PardisTousAcademy\Pardis.Application\Pardis.Application.csproj]
D:\Projects\Pardis\Backend\PardisTousAcademy\Pardis.Application\Users\CreateUserByAdmin\CreateUserByAdminCommand.cs(13,19): warning CS8618: Non-nullable property 'Mobile' must contain a non-null value when exiting constructor. Consider adding the 'required' modifier or declaring the property as nullable. [D:\Projects\Pardis\Backend\PardisTousAcademy\Pardis.Application\Pardis.Application.csproj]
D:\Projects\Pardis\Backend\PardisTousAcademy\Pardis.Application\Users\UpdateUserRole\UpdateUserRolesCommand.cs(15,23): warning CS8618: Non-nullable property 'UserId' must contain a non-null value when exiting constructor. Consider adding the 'required' modifier or declaring the property as nullable. [D:\Projects\Pardis\Backend\PardisTousAcademy\Pardis.Application\Pardis.Application.csproj]
D:\Projects\Pardis\Backend\PardisTousAcademy\Pardis.Application\Users\UpdateUserRole\UpdateUserRolesCommand.cs(16,29): warning CS8618: Non-nullable property 'Roles' must contain a non-null value when exiting constructor. Consider adding the 'required' modifier or declaring the property as nullable. [D:\Projects\Pardis\Backend\PardisTousAcademy\Pardis.Application\Pardis.Application.csproj]
D:\Projects\Pardis\Backend\PardisTousAcademy\Pardis.Application\Shopping\PaymentAttempts\AdminReviewPayment\AdminReviewPaymentHandler.cs(130,83): error CS1963: An expression tree may not contain a dynamic operation [D:\Projects\Pardis\Backend\PardisTousAcademy\Pardis.Application\Pardis.Application.csproj]
D:\Projects\Pardis\Backend\PardisTousAcademy\Pardis.Application\Shopping\PaymentAttempts\AdminReviewPayment\AdminReviewPaymentHandler.cs(130,112): error CS1963: An expression tree may not contain a dynamic operation [D:\Projects\Pardis\Backend\PardisTousAcademy\Pardis.Application\Pardis.Application.csproj]
    28 Warning(s)
    2 Error(s)

Time Elapsed 00:00:01.15
